2025-01-25 19:03:14,393 - alembic.runtime.migration - INFO - Context impl PostgresqlImpl.
2025-01-25 19:03:14,393 - alembic.runtime.migration - INFO - Will assume transactional DDL.
2025-01-25 19:03:14,393 - alembic - INFO - Starting ONLINE migration...
2025-01-25 19:03:14,401 - alembic.util.messaging - ERROR - Target database is not up to date.
2025-01-25 19:04:21,516 - alembic.runtime.migration - INFO - Context impl PostgresqlImpl.
2025-01-25 19:04:21,516 - alembic.runtime.migration - INFO - Will assume transactional DDL.
2025-01-25 19:04:21,516 - alembic - INFO - Starting ONLINE migration...
2025-01-25 19:04:21,525 - alembic.util.messaging - ERROR - Target database is not up to date.
2025-01-25 19:06:25,223 - alembic.runtime.migration - INFO - Context impl PostgresqlImpl.
2025-01-25 19:06:25,224 - alembic.runtime.migration - INFO - Will assume transactional DDL.
2025-01-25 19:06:25,224 - alembic - INFO - Starting ONLINE migration...
2025-01-25 19:06:25,233 - alembic.runtime.migration - INFO - Running upgrade  -> 9cf7cab0670c, Initial migration
2025-01-25 19:06:25,261 - alembic - INFO - ONLINE migration complete!
2025-01-25 19:06:35,685 - alembic.runtime.migration - INFO - Context impl PostgresqlImpl.
2025-01-25 19:06:35,686 - alembic.runtime.migration - INFO - Will assume transactional DDL.
2025-01-25 19:06:35,686 - alembic - INFO - Starting ONLINE migration...
2025-01-25 19:06:35,715 - alembic.ddl.postgresql - INFO - Detected sequence named 'threads_thread_id_seq' as owned by integer column 'threads(thread_id)', assuming SERIAL and omitting
2025-01-25 19:06:35,721 - alembic.ddl.postgresql - INFO - Detected sequence named 'users_user_id_seq' as owned by integer column 'users(user_id)', assuming SERIAL and omitting
2025-01-25 19:06:35,727 - alembic.ddl.postgresql - INFO - Detected sequence named 'subscriptions_subscription_id_seq' as owned by integer column 'subscriptions(subscription_id)', assuming SERIAL and omitting
2025-01-25 19:06:35,733 - alembic.ddl.postgresql - INFO - Detected sequence named 'posts_post_id_seq' as owned by integer column 'posts(post_id)', assuming SERIAL and omitting
2025-01-25 19:06:35,738 - alembic.autogenerate.compare - INFO - Detected removed index 'ix_subscriptions_thread_id' on 'subscriptions'
2025-01-25 19:06:35,738 - alembic.autogenerate.compare - INFO - Detected removed index 'ix_subscriptions_user_id' on 'subscriptions'
2025-01-25 19:06:35,744 - alembic - INFO - ONLINE migration complete!
2025-01-25 19:06:41,636 - alembic.runtime.migration - INFO - Context impl PostgresqlImpl.
2025-01-25 19:06:41,636 - alembic.runtime.migration - INFO - Will assume transactional DDL.
2025-01-25 19:06:41,636 - alembic - INFO - Starting ONLINE migration...
2025-01-25 19:06:41,640 - alembic.runtime.migration - INFO - Running upgrade 9cf7cab0670c -> 43922e64aed9, Initial migration
2025-01-25 19:06:41,646 - alembic - INFO - ONLINE migration complete!
2025-01-25 19:17:10,328 - alembic.runtime.migration - INFO - Context impl PostgresqlImpl.
2025-01-25 19:17:10,328 - alembic.runtime.migration - INFO - Will assume transactional DDL.
2025-01-25 19:17:10,328 - alembic - INFO - Starting ONLINE migration...
2025-01-25 19:17:10,333 - alembic - INFO - ONLINE migration complete!
2025-01-25 19:20:22,201 - alembic.runtime.migration - INFO - Context impl PostgresqlImpl.
2025-01-25 19:20:22,201 - alembic.runtime.migration - INFO - Will assume transactional DDL.
2025-01-25 19:20:22,201 - alembic - INFO - Starting ONLINE migration...
2025-01-25 19:20:22,206 - alembic - INFO - ONLINE migration complete!
2025-01-25 19:20:41,769 - alembic.runtime.migration - INFO - Context impl PostgresqlImpl.
2025-01-25 19:20:41,769 - alembic.runtime.migration - INFO - Will assume transactional DDL.
2025-01-25 19:20:41,769 - alembic - INFO - Starting ONLINE migration...
2025-01-25 19:20:41,774 - alembic - INFO - ONLINE migration complete!
2025-01-26 17:33:18,752 - alembic.runtime.migration - INFO - Context impl PostgresqlImpl.
2025-01-26 17:33:18,752 - alembic.runtime.migration - INFO - Will assume transactional DDL.
2025-01-26 17:33:18,752 - alembic - INFO - Starting ONLINE migration...
2025-01-26 17:33:18,760 - alembic.runtime.migration - INFO - Running upgrade  -> 9cf7cab0670c, Initial migration
2025-01-26 17:33:18,788 - alembic.runtime.migration - INFO - Running upgrade 9cf7cab0670c -> 43922e64aed9, Initial migration
2025-01-26 17:33:18,791 - alembic - INFO - ONLINE migration complete!
